Copyright 1986-2017 Xilinx, Inc. All Rights Reserved.
--------------------------------------------------------------------------------------------------------------------------------------------------------------------------------------
| Tool Version : Vivado v.2017.4 (win64) Build 2086221 Fri Dec 15 20:55:39 MST 2017
| Date         : Mon Apr  2 14:06:23 2018
| Host         : Saldytuvas running 64-bit major release  (build 9200)
| Command      : report_methodology -file design_1_wrapper_methodology_drc_routed.rpt -pb design_1_wrapper_methodology_drc_routed.pb -rpx design_1_wrapper_methodology_drc_routed.rpx
| Design       : design_1_wrapper
| Device       : xc7a35ticsg324-1L
| Speed File   : -1L
| Design State : Routed
--------------------------------------------------------------------------------------------------------------------------------------------------------------------------------------

Report Methodology

Table of Contents
-----------------
1. REPORT SUMMARY
2. REPORT DETAILS

1. REPORT SUMMARY
-----------------
            Netlist: netlist
          Floorplan: design_1
      Design limits: <entire design considered>
             Max violations: <unlimited>
             Violations found: 127
+-----------+----------+-------------------------------------------------+------------+
| Rule      | Severity | Description                                     | Violations |
+-----------+----------+-------------------------------------------------+------------+
| PDRC-190  | Warning  | Suboptimally placed synchronized register chain | 12         |
| TIMING-6  | Warning  | No common primary clock between related clocks  | 44         |
| TIMING-9  | Warning  | Unknown CDC Logic                               | 1          |
| TIMING-16 | Warning  | Large setup violation                           | 32         |
| TIMING-17 | Warning  | Non-clocked sequential cell                     | 6          |
| TIMING-18 | Warning  | Missing input or output delay                   | 11         |
| TIMING-38 | Warning  | Bus skew constraint applied on multiple clocks  | 4          |
| XDCB-5    | Warning  | Runtime inefficient way to find pin objects     | 1          |
| REQP-1959 | Advisory | connects_SERDES_RST_driver_not_FF               | 16         |
+-----------+----------+-------------------------------------------------+------------+

2. REPORT DETAILS
-----------------
PDRC-190#1 Warning
Suboptimally placed synchronized register chain  
The FDRE cell design_1_i/mig_7series_0/u_design_1_mig_7series_0_0_mig/temp_mon_enabled.u_tempmon/device_temp_sync_r5_reg[0] in site SLICE_X29Y56 is part of a synchronized register chain that is suboptimally placed as the load FDRE cell design_1_i/mig_7series_0/u_design_1_mig_7series_0_0_mig/temp_mon_enabled.u_tempmon/device_temp_r_reg[0] is not placed in the same (SLICE) site.
Related violations: <none>

PDRC-190#2 Warning
Suboptimally placed synchronized register chain  
The FDRE cell design_1_i/mig_7series_0/u_design_1_mig_7series_0_0_mig/temp_mon_enabled.u_tempmon/device_temp_sync_r5_reg[10] in site SLICE_X31Y57 is part of a synchronized register chain that is suboptimally placed as the load FDRE cell design_1_i/mig_7series_0/u_design_1_mig_7series_0_0_mig/temp_mon_enabled.u_tempmon/device_temp_r_reg[10] is not placed in the same (SLICE) site.
Related violations: <none>

PDRC-190#3 Warning
Suboptimally placed synchronized register chain  
The FDRE cell design_1_i/mig_7series_0/u_design_1_mig_7series_0_0_mig/temp_mon_enabled.u_tempmon/device_temp_sync_r5_reg[11] in site SLICE_X33Y54 is part of a synchronized register chain that is suboptimally placed as the load FDRE cell design_1_i/mig_7series_0/u_design_1_mig_7series_0_0_mig/temp_mon_enabled.u_tempmon/device_temp_r_reg[11] is not placed in the same (SLICE) site.
Related violations: <none>

PDRC-190#4 Warning
Suboptimally placed synchronized register chain  
The FDRE cell design_1_i/mig_7series_0/u_design_1_mig_7series_0_0_mig/temp_mon_enabled.u_tempmon/device_temp_sync_r5_reg[1] in site SLICE_X28Y56 is part of a synchronized register chain that is suboptimally placed as the load FDRE cell design_1_i/mig_7series_0/u_design_1_mig_7series_0_0_mig/temp_mon_enabled.u_tempmon/device_temp_r_reg[1] is not placed in the same (SLICE) site.
Related violations: <none>

PDRC-190#5 Warning
Suboptimally placed synchronized register chain  
The FDRE cell design_1_i/mig_7series_0/u_design_1_mig_7series_0_0_mig/temp_mon_enabled.u_tempmon/device_temp_sync_r5_reg[2] in site SLICE_X28Y54 is part of a synchronized register chain that is suboptimally placed as the load FDRE cell design_1_i/mig_7series_0/u_design_1_mig_7series_0_0_mig/temp_mon_enabled.u_tempmon/device_temp_r_reg[2] is not placed in the same (SLICE) site.
Related violations: <none>

PDRC-190#6 Warning
Suboptimally placed synchronized register chain  
The FDRE cell design_1_i/mig_7series_0/u_design_1_mig_7series_0_0_mig/temp_mon_enabled.u_tempmon/device_temp_sync_r5_reg[3] in site SLICE_X32Y53 is part of a synchronized register chain that is suboptimally placed as the load FDRE cell design_1_i/mig_7series_0/u_design_1_mig_7series_0_0_mig/temp_mon_enabled.u_tempmon/device_temp_r_reg[3] is not placed in the same (SLICE) site.
Related violations: <none>

PDRC-190#7 Warning
Suboptimally placed synchronized register chain  
The FDRE cell design_1_i/mig_7series_0/u_design_1_mig_7series_0_0_mig/temp_mon_enabled.u_tempmon/device_temp_sync_r5_reg[4] in site SLICE_X32Y55 is part of a synchronized register chain that is suboptimally placed as the load FDRE cell design_1_i/mig_7series_0/u_design_1_mig_7series_0_0_mig/temp_mon_enabled.u_tempmon/device_temp_r_reg[4] is not placed in the same (SLICE) site.
Related violations: <none>

PDRC-190#8 Warning
Suboptimally placed synchronized register chain  
The FDRE cell design_1_i/mig_7series_0/u_design_1_mig_7series_0_0_mig/temp_mon_enabled.u_tempmon/device_temp_sync_r5_reg[5] in site SLICE_X30Y56 is part of a synchronized register chain that is suboptimally placed as the load FDRE cell design_1_i/mig_7series_0/u_design_1_mig_7series_0_0_mig/temp_mon_enabled.u_tempmon/device_temp_r_reg[5] is not placed in the same (SLICE) site.
Related violations: <none>

PDRC-190#9 Warning
Suboptimally placed synchronized register chain  
The FDRE cell design_1_i/mig_7series_0/u_design_1_mig_7series_0_0_mig/temp_mon_enabled.u_tempmon/device_temp_sync_r5_reg[6] in site SLICE_X29Y54 is part of a synchronized register chain that is suboptimally placed as the load FDRE cell design_1_i/mig_7series_0/u_design_1_mig_7series_0_0_mig/temp_mon_enabled.u_tempmon/device_temp_r_reg[6] is not placed in the same (SLICE) site.
Related violations: <none>

PDRC-190#10 Warning
Suboptimally placed synchronized register chain  
The FDRE cell design_1_i/mig_7series_0/u_design_1_mig_7series_0_0_mig/temp_mon_enabled.u_tempmon/device_temp_sync_r5_reg[7] in site SLICE_X31Y55 is part of a synchronized register chain that is suboptimally placed as the load FDRE cell design_1_i/mig_7series_0/u_design_1_mig_7series_0_0_mig/temp_mon_enabled.u_tempmon/device_temp_r_reg[7] is not placed in the same (SLICE) site.
Related violations: <none>

PDRC-190#11 Warning
Suboptimally placed synchronized register chain  
The FDRE cell design_1_i/mig_7series_0/u_design_1_mig_7series_0_0_mig/temp_mon_enabled.u_tempmon/device_temp_sync_r5_reg[8] in site SLICE_X30Y52 is part of a synchronized register chain that is suboptimally placed as the load FDRE cell design_1_i/mig_7series_0/u_design_1_mig_7series_0_0_mig/temp_mon_enabled.u_tempmon/device_temp_r_reg[8] is not placed in the same (SLICE) site.
Related violations: <none>

PDRC-190#12 Warning
Suboptimally placed synchronized register chain  
The FDRE cell design_1_i/mig_7series_0/u_design_1_mig_7series_0_0_mig/temp_mon_enabled.u_tempmon/device_temp_sync_r5_reg[9] in site SLICE_X30Y54 is part of a synchronized register chain that is suboptimally placed as the load FDRE cell design_1_i/mig_7series_0/u_design_1_mig_7series_0_0_mig/temp_mon_enabled.u_tempmon/device_temp_r_reg[9] is not placed in the same (SLICE) site.
Related violations: <none>

TIMING-6#1 Warning
No common primary clock between related clocks  
The clocks clk_100_design_1_clk_wiz_0_0 and clk_100_design_1_clk_wiz_0_0_1 are related (timed together) but they have no common primary clock. The design could fail in hardware. To find a timing path between these clocks, run the following command: report_timing -from [get_clocks clk_100_design_1_clk_wiz_0_0] -to [get_clocks clk_100_design_1_clk_wiz_0_0_1]
Related violations: <none>

TIMING-6#2 Warning
No common primary clock between related clocks  
The clocks clk_100_design_1_clk_wiz_0_0 and clk_12288_design_1_clk_wiz_0_0_1 are related (timed together) but they have no common primary clock. The design could fail in hardware. To find a timing path between these clocks, run the following command: report_timing -from [get_clocks clk_100_design_1_clk_wiz_0_0] -to [get_clocks clk_12288_design_1_clk_wiz_0_0_1]
Related violations: <none>

TIMING-6#3 Warning
No common primary clock between related clocks  
The clocks clk_100_design_1_clk_wiz_0_0_1 and clk_100_design_1_clk_wiz_0_0 are related (timed together) but they have no common primary clock. The design could fail in hardware. To find a timing path between these clocks, run the following command: report_timing -from [get_clocks clk_100_design_1_clk_wiz_0_0_1] -to [get_clocks clk_100_design_1_clk_wiz_0_0]
Related violations: <none>

TIMING-6#4 Warning
No common primary clock between related clocks  
The clocks clk_100_design_1_clk_wiz_0_0_1 and clk_12288_design_1_clk_wiz_0_0 are related (timed together) but they have no common primary clock. The design could fail in hardware. To find a timing path between these clocks, run the following command: report_timing -from [get_clocks clk_100_design_1_clk_wiz_0_0_1] -to [get_clocks clk_12288_design_1_clk_wiz_0_0]
Related violations: <none>

TIMING-6#5 Warning
No common primary clock between related clocks  
The clocks clk_12288_design_1_clk_wiz_0_0 and clk_12288_design_1_clk_wiz_0_0_1 are related (timed together) but they have no common primary clock. The design could fail in hardware. To find a timing path between these clocks, run the following command: report_timing -from [get_clocks clk_12288_design_1_clk_wiz_0_0] -to [get_clocks clk_12288_design_1_clk_wiz_0_0_1]
Related violations: <none>

TIMING-6#6 Warning
No common primary clock between related clocks  
The clocks clk_12288_design_1_clk_wiz_0_0_1 and clk_12288_design_1_clk_wiz_0_0 are related (timed together) but they have no common primary clock. The design could fail in hardware. To find a timing path between these clocks, run the following command: report_timing -from [get_clocks clk_12288_design_1_clk_wiz_0_0_1] -to [get_clocks clk_12288_design_1_clk_wiz_0_0]
Related violations: <none>

TIMING-6#7 Warning
No common primary clock between related clocks  
The clocks clk_200_design_1_clk_wiz_0_0 and clk_200_design_1_clk_wiz_0_0_1 are related (timed together) but they have no common primary clock. The design could fail in hardware. To find a timing path between these clocks, run the following command: report_timing -from [get_clocks clk_200_design_1_clk_wiz_0_0] -to [get_clocks clk_200_design_1_clk_wiz_0_0_1]
Related violations: <none>

TIMING-6#8 Warning
No common primary clock between related clocks  
The clocks clk_200_design_1_clk_wiz_0_0_1 and clk_200_design_1_clk_wiz_0_0 are related (timed together) but they have no common primary clock. The design could fail in hardware. To find a timing path between these clocks, run the following command: report_timing -from [get_clocks clk_200_design_1_clk_wiz_0_0_1] -to [get_clocks clk_200_design_1_clk_wiz_0_0]
Related violations: <none>

TIMING-6#9 Warning
No common primary clock between related clocks  
The clocks clk_pll_i and clk_12288_design_1_clk_wiz_0_0_1 are related (timed together) but they have no common primary clock. The design could fail in hardware. To find a timing path between these clocks, run the following command: report_timing -from [get_clocks clk_pll_i] -to [get_clocks clk_12288_design_1_clk_wiz_0_0_1]
Related violations: <none>

TIMING-6#10 Warning
No common primary clock between related clocks  
The clocks clk_pll_i and clk_pll_i_1 are related (timed together) but they have no common primary clock. The design could fail in hardware. To find a timing path between these clocks, run the following command: report_timing -from [get_clocks clk_pll_i] -to [get_clocks clk_pll_i_1]
Related violations: <none>

TIMING-6#11 Warning
No common primary clock between related clocks  
The clocks clk_pll_i and u_memc_ui_top_axi/mem_intfc0/ddr_phy_top0/u_ddr_mc_phy_wrapper/u_ddr_mc_phy/ddr_phy_4lanes_0.u_ddr_phy_4lanes/ddr_byte_lane_C.ddr_byte_lane_C/iserdes_clk_1 are related (timed together) but they have no common primary clock. The design could fail in hardware. To find a timing path between these clocks, run the following command: report_timing -from [get_clocks clk_pll_i] -to [get_clocks u_memc_ui_top_axi/mem_intfc0/ddr_phy_top0/u_ddr_mc_phy_wrapper/u_ddr_mc_phy/ddr_phy_4lanes_0.u_ddr_phy_4lanes/ddr_byte_lane_C.ddr_byte_lane_C/iserdes_clk_1]
Related violations: <none>

TIMING-6#12 Warning
No common primary clock between related clocks  
The clocks clk_pll_i and u_memc_ui_top_axi/mem_intfc0/ddr_phy_top0/u_ddr_mc_phy_wrapper/u_ddr_mc_phy/ddr_phy_4lanes_0.u_ddr_phy_4lanes/ddr_byte_lane_D.ddr_byte_lane_D/iserdes_clk_1 are related (timed together) but they have no common primary clock. The design could fail in hardware. To find a timing path between these clocks, run the following command: report_timing -from [get_clocks clk_pll_i] -to [get_clocks u_memc_ui_top_axi/mem_intfc0/ddr_phy_top0/u_ddr_mc_phy_wrapper/u_ddr_mc_phy/ddr_phy_4lanes_0.u_ddr_phy_4lanes/ddr_byte_lane_D.ddr_byte_lane_D/iserdes_clk_1]
Related violations: <none>

TIMING-6#13 Warning
No common primary clock between related clocks  
The clocks clk_pll_i_1 and clk_12288_design_1_clk_wiz_0_0 are related (timed together) but they have no common primary clock. The design could fail in hardware. To find a timing path between these clocks, run the following command: report_timing -from [get_clocks clk_pll_i_1] -to [get_clocks clk_12288_design_1_clk_wiz_0_0]
Related violations: <none>

TIMING-6#14 Warning
No common primary clock between related clocks  
The clocks clk_pll_i_1 and clk_pll_i are related (timed together) but they have no common primary clock. The design could fail in hardware. To find a timing path between these clocks, run the following command: report_timing -from [get_clocks clk_pll_i_1] -to [get_clocks clk_pll_i]
Related violations: <none>

TIMING-6#15 Warning
No common primary clock between related clocks  
The clocks clk_pll_i_1 and u_memc_ui_top_axi/mem_intfc0/ddr_phy_top0/u_ddr_mc_phy_wrapper/u_ddr_mc_phy/ddr_phy_4lanes_0.u_ddr_phy_4lanes/ddr_byte_lane_C.ddr_byte_lane_C/iserdes_clk are related (timed together) but they have no common primary clock. The design could fail in hardware. To find a timing path between these clocks, run the following command: report_timing -from [get_clocks clk_pll_i_1] -to [get_clocks u_memc_ui_top_axi/mem_intfc0/ddr_phy_top0/u_ddr_mc_phy_wrapper/u_ddr_mc_phy/ddr_phy_4lanes_0.u_ddr_phy_4lanes/ddr_byte_lane_C.ddr_byte_lane_C/iserdes_clk]
Related violations: <none>

TIMING-6#16 Warning
No common primary clock between related clocks  
The clocks clk_pll_i_1 and u_memc_ui_top_axi/mem_intfc0/ddr_phy_top0/u_ddr_mc_phy_wrapper/u_ddr_mc_phy/ddr_phy_4lanes_0.u_ddr_phy_4lanes/ddr_byte_lane_D.ddr_byte_lane_D/iserdes_clk are related (timed together) but they have no common primary clock. The design could fail in hardware. To find a timing path between these clocks, run the following command: report_timing -from [get_clocks clk_pll_i_1] -to [get_clocks u_memc_ui_top_axi/mem_intfc0/ddr_phy_top0/u_ddr_mc_phy_wrapper/u_ddr_mc_phy/ddr_phy_4lanes_0.u_ddr_phy_4lanes/ddr_byte_lane_D.ddr_byte_lane_D/iserdes_clk]
Related violations: <none>

TIMING-6#17 Warning
No common primary clock between related clocks  
The clocks iserdes_clkdiv and iserdes_clkdiv_2 are related (timed together) but they have no common primary clock. The design could fail in hardware. To find a timing path between these clocks, run the following command: report_timing -from [get_clocks iserdes_clkdiv] -to [get_clocks iserdes_clkdiv_2]
Related violations: <none>

TIMING-6#18 Warning
No common primary clock between related clocks  
The clocks iserdes_clkdiv_1 and iserdes_clkdiv_3 are related (timed together) but they have no common primary clock. The design could fail in hardware. To find a timing path between these clocks, run the following command: report_timing -from [get_clocks iserdes_clkdiv_1] -to [get_clocks iserdes_clkdiv_3]
Related violations: <none>

TIMING-6#19 Warning
No common primary clock between related clocks  
The clocks iserdes_clkdiv_2 and iserdes_clkdiv are related (timed together) but they have no common primary clock. The design could fail in hardware. To find a timing path between these clocks, run the following command: report_timing -from [get_clocks iserdes_clkdiv_2] -to [get_clocks iserdes_clkdiv]
Related violations: <none>

TIMING-6#20 Warning
No common primary clock between related clocks  
The clocks iserdes_clkdiv_3 and iserdes_clkdiv_1 are related (timed together) but they have no common primary clock. The design could fail in hardware. To find a timing path between these clocks, run the following command: report_timing -from [get_clocks iserdes_clkdiv_3] -to [get_clocks iserdes_clkdiv_1]
Related violations: <none>

TIMING-6#21 Warning
No common primary clock between related clocks  
The clocks mem_refclk and mem_refclk_1 are related (timed together) but they have no common primary clock. The design could fail in hardware. To find a timing path between these clocks, run the following command: report_timing -from [get_clocks mem_refclk] -to [get_clocks mem_refclk_1]
Related violations: <none>

TIMING-6#22 Warning
No common primary clock between related clocks  
The clocks mem_refclk_1 and mem_refclk are related (timed together) but they have no common primary clock. The design could fail in hardware. To find a timing path between these clocks, run the following command: report_timing -from [get_clocks mem_refclk_1] -to [get_clocks mem_refclk]
Related violations: <none>

TIMING-6#23 Warning
No common primary clock between related clocks  
The clocks oserdes_clk and oserdes_clkdiv_4 are related (timed together) but they have no common primary clock. The design could fail in hardware. To find a timing path between these clocks, run the following command: report_timing -from [get_clocks oserdes_clk] -to [get_clocks oserdes_clkdiv_4]
Related violations: <none>

TIMING-6#24 Warning
No common primary clock between related clocks  
The clocks oserdes_clk_1 and oserdes_clkdiv_5 are related (timed together) but they have no common primary clock. The design could fail in hardware. To find a timing path between these clocks, run the following command: report_timing -from [get_clocks oserdes_clk_1] -to [get_clocks oserdes_clkdiv_5]
Related violations: <none>

TIMING-6#25 Warning
No common primary clock between related clocks  
The clocks oserdes_clk_2 and oserdes_clk_6 are related (timed together) but they have no common primary clock. The design could fail in hardware. To find a timing path between these clocks, run the following command: report_timing -from [get_clocks oserdes_clk_2] -to [get_clocks oserdes_clk_6]
Related violations: <none>

TIMING-6#26 Warning
No common primary clock between related clocks  
The clocks oserdes_clk_2 and oserdes_clkdiv_6 are related (timed together) but they have no common primary clock. The design could fail in hardware. To find a timing path between these clocks, run the following command: report_timing -from [get_clocks oserdes_clk_2] -to [get_clocks oserdes_clkdiv_6]
Related violations: <none>

TIMING-6#27 Warning
No common primary clock between related clocks  
The clocks oserdes_clk_3 and oserdes_clk_7 are related (timed together) but they have no common primary clock. The design could fail in hardware. To find a timing path between these clocks, run the following command: report_timing -from [get_clocks oserdes_clk_3] -to [get_clocks oserdes_clk_7]
Related violations: <none>

TIMING-6#28 Warning
No common primary clock between related clocks  
The clocks oserdes_clk_3 and oserdes_clkdiv_7 are related (timed together) but they have no common primary clock. The design could fail in hardware. To find a timing path between these clocks, run the following command: report_timing -from [get_clocks oserdes_clk_3] -to [get_clocks oserdes_clkdiv_7]
Related violations: <none>

TIMING-6#29 Warning
No common primary clock between related clocks  
The clocks oserdes_clk_4 and oserdes_clkdiv are related (timed together) but they have no common primary clock. The design could fail in hardware. To find a timing path between these clocks, run the following command: report_timing -from [get_clocks oserdes_clk_4] -to [get_clocks oserdes_clkdiv]
Related violations: <none>

TIMING-6#30 Warning
No common primary clock between related clocks  
The clocks oserdes_clk_5 and oserdes_clkdiv_1 are related (timed together) but they have no common primary clock. The design could fail in hardware. To find a timing path between these clocks, run the following command: report_timing -from [get_clocks oserdes_clk_5] -to [get_clocks oserdes_clkdiv_1]
Related violations: <none>

TIMING-6#31 Warning
No common primary clock between related clocks  
The clocks oserdes_clk_6 and oserdes_clk_2 are related (timed together) but they have no common primary clock. The design could fail in hardware. To find a timing path between these clocks, run the following command: report_timing -from [get_clocks oserdes_clk_6] -to [get_clocks oserdes_clk_2]
Related violations: <none>

TIMING-6#32 Warning
No common primary clock between related clocks  
The clocks oserdes_clk_6 and oserdes_clkdiv_2 are related (timed together) but they have no common primary clock. The design could fail in hardware. To find a timing path between these clocks, run the following command: report_timing -from [get_clocks oserdes_clk_6] -to [get_clocks oserdes_clkdiv_2]
Related violations: <none>

TIMING-6#33 Warning
No common primary clock between related clocks  
The clocks oserdes_clk_7 and oserdes_clk_3 are related (timed together) but they have no common primary clock. The design could fail in hardware. To find a timing path between these clocks, run the following command: report_timing -from [get_clocks oserdes_clk_7] -to [get_clocks oserdes_clk_3]
Related violations: <none>

TIMING-6#34 Warning
No common primary clock between related clocks  
The clocks oserdes_clk_7 and oserdes_clkdiv_3 are related (timed together) but they have no common primary clock. The design could fail in hardware. To find a timing path between these clocks, run the following command: report_timing -from [get_clocks oserdes_clk_7] -to [get_clocks oserdes_clkdiv_3]
Related violations: <none>

TIMING-6#35 Warning
No common primary clock between related clocks  
The clocks oserdes_clkdiv and oserdes_clkdiv_4 are related (timed together) but they have no common primary clock. The design could fail in hardware. To find a timing path between these clocks, run the following command: report_timing -from [get_clocks oserdes_clkdiv] -to [get_clocks oserdes_clkdiv_4]
Related violations: <none>

TIMING-6#36 Warning
No common primary clock between related clocks  
The clocks oserdes_clkdiv_1 and oserdes_clkdiv_5 are related (timed together) but they have no common primary clock. The design could fail in hardware. To find a timing path between these clocks, run the following command: report_timing -from [get_clocks oserdes_clkdiv_1] -to [get_clocks oserdes_clkdiv_5]
Related violations: <none>

TIMING-6#37 Warning
No common primary clock between related clocks  
The clocks oserdes_clkdiv_2 and oserdes_clkdiv_6 are related (timed together) but they have no common primary clock. The design could fail in hardware. To find a timing path between these clocks, run the following command: report_timing -from [get_clocks oserdes_clkdiv_2] -to [get_clocks oserdes_clkdiv_6]
Related violations: <none>

TIMING-6#38 Warning
No common primary clock between related clocks  
The clocks oserdes_clkdiv_3 and oserdes_clkdiv_7 are related (timed together) but they have no common primary clock. The design could fail in hardware. To find a timing path between these clocks, run the following command: report_timing -from [get_clocks oserdes_clkdiv_3] -to [get_clocks oserdes_clkdiv_7]
Related violations: <none>

TIMING-6#39 Warning
No common primary clock between related clocks  
The clocks oserdes_clkdiv_4 and oserdes_clkdiv are related (timed together) but they have no common primary clock. The design could fail in hardware. To find a timing path between these clocks, run the following command: report_timing -from [get_clocks oserdes_clkdiv_4] -to [get_clocks oserdes_clkdiv]
Related violations: <none>

TIMING-6#40 Warning
No common primary clock between related clocks  
The clocks oserdes_clkdiv_5 and oserdes_clkdiv_1 are related (timed together) but they have no common primary clock. The design could fail in hardware. To find a timing path between these clocks, run the following command: report_timing -from [get_clocks oserdes_clkdiv_5] -to [get_clocks oserdes_clkdiv_1]
Related violations: <none>

TIMING-6#41 Warning
No common primary clock between related clocks  
The clocks oserdes_clkdiv_6 and oserdes_clkdiv_2 are related (timed together) but they have no common primary clock. The design could fail in hardware. To find a timing path between these clocks, run the following command: report_timing -from [get_clocks oserdes_clkdiv_6] -to [get_clocks oserdes_clkdiv_2]
Related violations: <none>

TIMING-6#42 Warning
No common primary clock between related clocks  
The clocks oserdes_clkdiv_7 and oserdes_clkdiv_3 are related (timed together) but they have no common primary clock. The design could fail in hardware. To find a timing path between these clocks, run the following command: report_timing -from [get_clocks oserdes_clkdiv_7] -to [get_clocks oserdes_clkdiv_3]
Related violations: <none>

TIMING-6#43 Warning
No common primary clock between related clocks  
The clocks sync_pulse and mem_refclk_1 are related (timed together) but they have no common primary clock. The design could fail in hardware. To find a timing path between these clocks, run the following command: report_timing -from [get_clocks sync_pulse] -to [get_clocks mem_refclk_1]
Related violations: <none>

TIMING-6#44 Warning
No common primary clock between related clocks  
The clocks sync_pulse_1 and mem_refclk are related (timed together) but they have no common primary clock. The design could fail in hardware. To find a timing path between these clocks, run the following command: report_timing -from [get_clocks sync_pulse_1] -to [get_clocks mem_refclk]
Related violations: <none>

TIMING-9#1 Warning
Unknown CDC Logic  
One or more asynchronous Clock Domain Crossing has been detected between 2 clock domains through a set_false_path or a set_clock_groups or set_max_delay -datapath_only constraint but no double-registers logic synchronizer has been found on the side of the capture clock. It is recommended to run report_cdc for a complete and detailed CDC coverage. Please consider using XPM_CDC to avoid Critical severities
Related violations: <none>

TIMING-16#1 Warning
Large setup violation  
There is a large setup violation of -1.260 ns between design_1_i/triangle_sampler_0/inst/audio_data_reg[0]/C (clocked by clk_100_design_1_clk_wiz_0_0) and design_1_i/switcher_0/inst/out_R_reg[0]/D (clocked by clk_12288_design_1_clk_wiz_0_0). Large setup violations at the end of those stages might be difficult to fix during the post-placement implementation flow and could be the result of non-optimal XDC constraints or non-optimal design architecture
Related violations: <none>

TIMING-16#2 Warning
Large setup violation  
There is a large setup violation of -1.272 ns between design_1_i/triangle_sampler_0/inst/audio_data_reg[1]/C (clocked by clk_100_design_1_clk_wiz_0_0) and design_1_i/switcher_0/inst/out_R_reg[1]/D (clocked by clk_12288_design_1_clk_wiz_0_0). Large setup violations at the end of those stages might be difficult to fix during the post-placement implementation flow and could be the result of non-optimal XDC constraints or non-optimal design architecture
Related violations: <none>

TIMING-16#3 Warning
Large setup violation  
There is a large setup violation of -1.368 ns between design_1_i/triangle_sampler_0/inst/audio_data_reg[3]/C (clocked by clk_100_design_1_clk_wiz_0_0) and design_1_i/switcher_0/inst/out_R_reg[3]/D (clocked by clk_12288_design_1_clk_wiz_0_0). Large setup violations at the end of those stages might be difficult to fix during the post-placement implementation flow and could be the result of non-optimal XDC constraints or non-optimal design architecture
Related violations: <none>

TIMING-16#4 Warning
Large setup violation  
There is a large setup violation of -1.626 ns between design_1_i/square_sampler_0/inst/audio_data_reg[14]/C (clocked by clk_100_design_1_clk_wiz_0_0) and design_1_i/switcher_0/inst/out_R_reg[10]/D (clocked by clk_12288_design_1_clk_wiz_0_0). Large setup violations at the end of those stages might be difficult to fix during the post-placement implementation flow and could be the result of non-optimal XDC constraints or non-optimal design architecture
Related violations: <none>

TIMING-16#5 Warning
Large setup violation  
There is a large setup violation of -1.631 ns between design_1_i/triangle_sampler_0/inst/audio_data_reg[8]/C (clocked by clk_100_design_1_clk_wiz_0_0) and design_1_i/switcher_0/inst/out_R_reg[8]/D (clocked by clk_12288_design_1_clk_wiz_0_0). Large setup violations at the end of those stages might be difficult to fix during the post-placement implementation flow and could be the result of non-optimal XDC constraints or non-optimal design architecture
Related violations: <none>

TIMING-16#6 Warning
Large setup violation  
There is a large setup violation of -1.658 ns between design_1_i/triangle_sampler_0/inst/audio_data_reg[2]/C (clocked by clk_100_design_1_clk_wiz_0_0) and design_1_i/switcher_0/inst/out_R_reg[2]/D (clocked by clk_12288_design_1_clk_wiz_0_0). Large setup violations at the end of those stages might be difficult to fix during the post-placement implementation flow and could be the result of non-optimal XDC constraints or non-optimal design architecture
Related violations: <none>

TIMING-16#7 Warning
Large setup violation  
There is a large setup violation of -1.695 ns between design_1_i/triangle_sampler_0/inst/audio_data_reg[11]/C (clocked by clk_100_design_1_clk_wiz_0_0) and design_1_i/switcher_0/inst/out_R_reg[11]/D (clocked by clk_12288_design_1_clk_wiz_0_0). Large setup violations at the end of those stages might be difficult to fix during the post-placement implementation flow and could be the result of non-optimal XDC constraints or non-optimal design architecture
Related violations: <none>

TIMING-16#8 Warning
Large setup violation  
There is a large setup violation of -1.710 ns between design_1_i/square_sampler_0/inst/audio_data_reg[15]/C (clocked by clk_100_design_1_clk_wiz_0_0) and design_1_i/switcher_0/inst/out_R_reg[7]/D (clocked by clk_12288_design_1_clk_wiz_0_0). Large setup violations at the end of those stages might be difficult to fix during the post-placement implementation flow and could be the result of non-optimal XDC constraints or non-optimal design architecture
Related violations: <none>

TIMING-16#9 Warning
Large setup violation  
There is a large setup violation of -1.721 ns between design_1_i/square_sampler_0/inst/audio_data_reg[15]/C (clocked by clk_100_design_1_clk_wiz_0_0) and design_1_i/switcher_0/inst/out_R_reg[6]/D (clocked by clk_12288_design_1_clk_wiz_0_0). Large setup violations at the end of those stages might be difficult to fix during the post-placement implementation flow and could be the result of non-optimal XDC constraints or non-optimal design architecture
Related violations: <none>

TIMING-16#10 Warning
Large setup violation  
There is a large setup violation of -1.733 ns between design_1_i/triangle_sampler_0/inst/audio_data_reg[5]/C (clocked by clk_100_design_1_clk_wiz_0_0) and design_1_i/switcher_0/inst/out_R_reg[5]/D (clocked by clk_12288_design_1_clk_wiz_0_0). Large setup violations at the end of those stages might be difficult to fix during the post-placement implementation flow and could be the result of non-optimal XDC constraints or non-optimal design architecture
Related violations: <none>

TIMING-16#11 Warning
Large setup violation  
There is a large setup violation of -1.758 ns between design_1_i/square_sampler_0/inst/audio_data_reg[15]/C (clocked by clk_100_design_1_clk_wiz_0_0) and design_1_i/switcher_0/inst/out_R_reg[12]/D (clocked by clk_12288_design_1_clk_wiz_0_0). Large setup violations at the end of those stages might be difficult to fix during the post-placement implementation flow and could be the result of non-optimal XDC constraints or non-optimal design architecture
Related violations: <none>

TIMING-16#12 Warning
Large setup violation  
There is a large setup violation of -1.795 ns between design_1_i/triangle_sampler_0/inst/audio_data_reg[15]/C (clocked by clk_100_design_1_clk_wiz_0_0) and design_1_i/switcher_0/inst/out_R_reg[15]/D (clocked by clk_12288_design_1_clk_wiz_0_0). Large setup violations at the end of those stages might be difficult to fix during the post-placement implementation flow and could be the result of non-optimal XDC constraints or non-optimal design architecture
Related violations: <none>

TIMING-16#13 Warning
Large setup violation  
There is a large setup violation of -1.812 ns between design_1_i/square_sampler_0/inst/audio_data_reg[14]/C (clocked by clk_100_design_1_clk_wiz_0_0) and design_1_i/switcher_0/inst/out_R_reg[9]/D (clocked by clk_12288_design_1_clk_wiz_0_0). Large setup violations at the end of those stages might be difficult to fix during the post-placement implementation flow and could be the result of non-optimal XDC constraints or non-optimal design architecture
Related violations: <none>

TIMING-16#14 Warning
Large setup violation  
There is a large setup violation of -1.834 ns between design_1_i/triangle_sampler_0/inst/audio_data_reg[13]/C (clocked by clk_100_design_1_clk_wiz_0_0) and design_1_i/switcher_0/inst/out_R_reg[13]/D (clocked by clk_12288_design_1_clk_wiz_0_0). Large setup violations at the end of those stages might be difficult to fix during the post-placement implementation flow and could be the result of non-optimal XDC constraints or non-optimal design architecture
Related violations: <none>

TIMING-16#15 Warning
Large setup violation  
There is a large setup violation of -2.009 ns between design_1_i/square_sampler_0/inst/audio_data_reg[14]/C (clocked by clk_100_design_1_clk_wiz_0_0) and design_1_i/switcher_0/inst/out_R_reg[14]/D (clocked by clk_12288_design_1_clk_wiz_0_0). Large setup violations at the end of those stages might be difficult to fix during the post-placement implementation flow and could be the result of non-optimal XDC constraints or non-optimal design architecture
Related violations: <none>

TIMING-16#16 Warning
Large setup violation  
There is a large setup violation of -2.049 ns between design_1_i/triangle_sampler_0/inst/audio_data_reg[4]/C (clocked by clk_100_design_1_clk_wiz_0_0) and design_1_i/switcher_0/inst/out_R_reg[4]/D (clocked by clk_12288_design_1_clk_wiz_0_0). Large setup violations at the end of those stages might be difficult to fix during the post-placement implementation flow and could be the result of non-optimal XDC constraints or non-optimal design architecture
Related violations: <none>

TIMING-16#17 Warning
Large setup violation  
There is a large setup violation of -2.560 ns between design_1_i/sinus_sampler_0/inst/audio_data_reg/CLKARDCLK (clocked by clk_100_design_1_clk_wiz_0_0_1) and design_1_i/switcher_0/inst/out_L_reg[1]/D (clocked by clk_12288_design_1_clk_wiz_0_0). Large setup violations at the end of those stages might be difficult to fix during the post-placement implementation flow and could be the result of non-optimal XDC constraints or non-optimal design architecture
Related violations: <none>

TIMING-16#18 Warning
Large setup violation  
There is a large setup violation of -2.588 ns between design_1_i/sinus_sampler_0/inst/audio_data_reg/CLKARDCLK (clocked by clk_100_design_1_clk_wiz_0_0_1) and design_1_i/switcher_0/inst/out_L_reg[3]/D (clocked by clk_12288_design_1_clk_wiz_0_0). Large setup violations at the end of those stages might be difficult to fix during the post-placement implementation flow and could be the result of non-optimal XDC constraints or non-optimal design architecture
Related violations: <none>

TIMING-16#19 Warning
Large setup violation  
There is a large setup violation of -2.596 ns between design_1_i/sinus_sampler_0/inst/audio_data_reg/CLKARDCLK (clocked by clk_100_design_1_clk_wiz_0_0_1) and design_1_i/switcher_0/inst/out_L_reg[12]/D (clocked by clk_12288_design_1_clk_wiz_0_0). Large setup violations at the end of those stages might be difficult to fix during the post-placement implementation flow and could be the result of non-optimal XDC constraints or non-optimal design architecture
Related violations: <none>

TIMING-16#20 Warning
Large setup violation  
There is a large setup violation of -2.728 ns between design_1_i/sinus_sampler_0/inst/audio_data_reg/CLKARDCLK (clocked by clk_100_design_1_clk_wiz_0_0_1) and design_1_i/switcher_0/inst/out_L_reg[5]/D (clocked by clk_12288_design_1_clk_wiz_0_0). Large setup violations at the end of those stages might be difficult to fix during the post-placement implementation flow and could be the result of non-optimal XDC constraints or non-optimal design architecture
Related violations: <none>

TIMING-16#21 Warning
Large setup violation  
There is a large setup violation of -2.740 ns between design_1_i/sinus_sampler_0/inst/audio_data_reg/CLKARDCLK (clocked by clk_100_design_1_clk_wiz_0_0_1) and design_1_i/switcher_0/inst/out_L_reg[10]/D (clocked by clk_12288_design_1_clk_wiz_0_0). Large setup violations at the end of those stages might be difficult to fix during the post-placement implementation flow and could be the result of non-optimal XDC constraints or non-optimal design architecture
Related violations: <none>

TIMING-16#22 Warning
Large setup violation  
There is a large setup violation of -2.749 ns between design_1_i/sinus_sampler_0/inst/audio_data_reg/CLKARDCLK (clocked by clk_100_design_1_clk_wiz_0_0_1) and design_1_i/switcher_0/inst/out_L_reg[7]/D (clocked by clk_12288_design_1_clk_wiz_0_0). Large setup violations at the end of those stages might be difficult to fix during the post-placement implementation flow and could be the result of non-optimal XDC constraints or non-optimal design architecture
Related violations: <none>

TIMING-16#23 Warning
Large setup violation  
There is a large setup violation of -2.758 ns between design_1_i/sinus_sampler_0/inst/audio_data_reg/CLKARDCLK (clocked by clk_100_design_1_clk_wiz_0_0_1) and design_1_i/switcher_0/inst/out_L_reg[13]/D (clocked by clk_12288_design_1_clk_wiz_0_0). Large setup violations at the end of those stages might be difficult to fix during the post-placement implementation flow and could be the result of non-optimal XDC constraints or non-optimal design architecture
Related violations: <none>

TIMING-16#24 Warning
Large setup violation  
There is a large setup violation of -2.767 ns between design_1_i/sinus_sampler_0/inst/audio_data_reg/CLKARDCLK (clocked by clk_100_design_1_clk_wiz_0_0_1) and design_1_i/switcher_0/inst/out_L_reg[0]/D (clocked by clk_12288_design_1_clk_wiz_0_0). Large setup violations at the end of those stages might be difficult to fix during the post-placement implementation flow and could be the result of non-optimal XDC constraints or non-optimal design architecture
Related violations: <none>

TIMING-16#25 Warning
Large setup violation  
There is a large setup violation of -2.773 ns between design_1_i/sinus_sampler_0/inst/audio_data_reg/CLKARDCLK (clocked by clk_100_design_1_clk_wiz_0_0_1) and design_1_i/switcher_0/inst/out_L_reg[14]/D (clocked by clk_12288_design_1_clk_wiz_0_0). Large setup violations at the end of those stages might be difficult to fix during the post-placement implementation flow and could be the result of non-optimal XDC constraints or non-optimal design architecture
Related violations: <none>

TIMING-16#26 Warning
Large setup violation  
There is a large setup violation of -2.781 ns between design_1_i/sinus_sampler_0/inst/audio_data_reg/CLKARDCLK (clocked by clk_100_design_1_clk_wiz_0_0_1) and design_1_i/switcher_0/inst/out_L_reg[8]/D (clocked by clk_12288_design_1_clk_wiz_0_0). Large setup violations at the end of those stages might be difficult to fix during the post-placement implementation flow and could be the result of non-optimal XDC constraints or non-optimal design architecture
Related violations: <none>

TIMING-16#27 Warning
Large setup violation  
There is a large setup violation of -2.784 ns between design_1_i/sinus_sampler_0/inst/audio_data_reg/CLKARDCLK (clocked by clk_100_design_1_clk_wiz_0_0_1) and design_1_i/switcher_0/inst/out_L_reg[6]/D (clocked by clk_12288_design_1_clk_wiz_0_0). Large setup violations at the end of those stages might be difficult to fix during the post-placement implementation flow and could be the result of non-optimal XDC constraints or non-optimal design architecture
Related violations: <none>

TIMING-16#28 Warning
Large setup violation  
There is a large setup violation of -2.809 ns between design_1_i/sinus_sampler_0/inst/audio_data_reg/CLKARDCLK (clocked by clk_100_design_1_clk_wiz_0_0_1) and design_1_i/switcher_0/inst/out_L_reg[2]/D (clocked by clk_12288_design_1_clk_wiz_0_0). Large setup violations at the end of those stages might be difficult to fix during the post-placement implementation flow and could be the result of non-optimal XDC constraints or non-optimal design architecture
Related violations: <none>

TIMING-16#29 Warning
Large setup violation  
There is a large setup violation of -2.841 ns between design_1_i/sinus_sampler_0/inst/audio_data_reg/CLKARDCLK (clocked by clk_100_design_1_clk_wiz_0_0_1) and design_1_i/switcher_0/inst/out_L_reg[11]/D (clocked by clk_12288_design_1_clk_wiz_0_0). Large setup violations at the end of those stages might be difficult to fix during the post-placement implementation flow and could be the result of non-optimal XDC constraints or non-optimal design architecture
Related violations: <none>

TIMING-16#30 Warning
Large setup violation  
There is a large setup violation of -2.863 ns between design_1_i/sinus_sampler_0/inst/audio_data_reg/CLKARDCLK (clocked by clk_100_design_1_clk_wiz_0_0_1) and design_1_i/switcher_0/inst/out_L_reg[15]/D (clocked by clk_12288_design_1_clk_wiz_0_0). Large setup violations at the end of those stages might be difficult to fix during the post-placement implementation flow and could be the result of non-optimal XDC constraints or non-optimal design architecture
Related violations: <none>

TIMING-16#31 Warning
Large setup violation  
There is a large setup violation of -2.921 ns between design_1_i/sinus_sampler_0/inst/audio_data_reg/CLKARDCLK (clocked by clk_100_design_1_clk_wiz_0_0_1) and design_1_i/switcher_0/inst/out_L_reg[9]/D (clocked by clk_12288_design_1_clk_wiz_0_0). Large setup violations at the end of those stages might be difficult to fix during the post-placement implementation flow and could be the result of non-optimal XDC constraints or non-optimal design architecture
Related violations: <none>

TIMING-16#32 Warning
Large setup violation  
There is a large setup violation of -2.953 ns between design_1_i/sinus_sampler_0/inst/audio_data_reg/CLKARDCLK (clocked by clk_100_design_1_clk_wiz_0_0_1) and design_1_i/switcher_0/inst/out_L_reg[4]/D (clocked by clk_12288_design_1_clk_wiz_0_0). Large setup violations at the end of those stages might be difficult to fix during the post-placement implementation flow and could be the result of non-optimal XDC constraints or non-optimal design architecture
Related violations: <none>

TIMING-17#1 Warning
Non-clocked sequential cell  
The clock pin design_1_i/clocker_0/inst/lrclk_divider_reg[0]/C is not reached by a timing clock
Related violations: <none>

TIMING-17#2 Warning
Non-clocked sequential cell  
The clock pin design_1_i/clocker_0/inst/lrclk_divider_reg[1]/C is not reached by a timing clock
Related violations: <none>

TIMING-17#3 Warning
Non-clocked sequential cell  
The clock pin design_1_i/clocker_0/inst/lrclk_divider_reg[2]/C is not reached by a timing clock
Related violations: <none>

TIMING-17#4 Warning
Non-clocked sequential cell  
The clock pin design_1_i/clocker_0/inst/lrclk_divider_reg[3]/C is not reached by a timing clock
Related violations: <none>

TIMING-17#5 Warning
Non-clocked sequential cell  
The clock pin design_1_i/clocker_0/inst/lrclk_divider_reg[4]/C is not reached by a timing clock
Related violations: <none>

TIMING-17#6 Warning
Non-clocked sequential cell  
The clock pin design_1_i/clocker_0/inst/out_lrclock_reg/C is not reached by a timing clock
Related violations: <none>

TIMING-18#1 Warning
Missing input or output delay  
An input delay is missing on eth_mii_rx_dv relative to clock(s) eth_mii_rx_clk
Related violations: <none>

TIMING-18#2 Warning
Missing input or output delay  
An input delay is missing on eth_mii_rx_er relative to clock(s) eth_mii_rx_clk
Related violations: <none>

TIMING-18#3 Warning
Missing input or output delay  
An input delay is missing on eth_mii_rxd[0] relative to clock(s) eth_mii_rx_clk
Related violations: <none>

TIMING-18#4 Warning
Missing input or output delay  
An input delay is missing on eth_mii_rxd[1] relative to clock(s) eth_mii_rx_clk
Related violations: <none>

TIMING-18#5 Warning
Missing input or output delay  
An input delay is missing on eth_mii_rxd[2] relative to clock(s) eth_mii_rx_clk
Related violations: <none>

TIMING-18#6 Warning
Missing input or output delay  
An input delay is missing on eth_mii_rxd[3] relative to clock(s) eth_mii_rx_clk
Related violations: <none>

TIMING-18#7 Warning
Missing input or output delay  
An output delay is missing on eth_mii_tx_en relative to clock(s) eth_mii_tx_clk
Related violations: <none>

TIMING-18#8 Warning
Missing input or output delay  
An output delay is missing on eth_mii_txd[0] relative to clock(s) eth_mii_tx_clk
Related violations: <none>

TIMING-18#9 Warning
Missing input or output delay  
An output delay is missing on eth_mii_txd[1] relative to clock(s) eth_mii_tx_clk
Related violations: <none>

TIMING-18#10 Warning
Missing input or output delay  
An output delay is missing on eth_mii_txd[2] relative to clock(s) eth_mii_tx_clk
Related violations: <none>

TIMING-18#11 Warning
Missing input or output delay  
An output delay is missing on eth_mii_txd[3] relative to clock(s) eth_mii_tx_clk
Related violations: <none>

TIMING-38#1 Warning
Bus skew constraint applied on multiple clocks  
Multiple clocks involved on source or destination of a bus skew constraint (see constraint position 35 in the Timing Constraint Window in Vivado IDE). It is recommended to have only one source clock and one destination clock per bus skew constraint. First endpoint covered by the constraint: design_1_i/axi_ethernetlite_0/U0/XEMAC_I/EMAC_I/TX/INST_TX_INTRFCE/I_TX_FIFO/xpm_fifo_instance.xpm_fifo_async_inst/gnuram_async_fifo.xpm_fifo_base_inst/gen_cdc_pntr.rd_pntr_cdc_inst/dest_graysync_ff_reg[0][0]/D
Related violations: <none>

TIMING-38#2 Warning
Bus skew constraint applied on multiple clocks  
Multiple clocks involved on source or destination of a bus skew constraint (see constraint position 37 in the Timing Constraint Window in Vivado IDE). It is recommended to have only one source clock and one destination clock per bus skew constraint. First endpoint covered by the constraint: design_1_i/axi_ethernetlite_0/U0/XEMAC_I/EMAC_I/RX/INST_RX_INTRFCE/I_RX_FIFO/xpm_fifo_instance.xpm_fifo_async_inst/gnuram_async_fifo.xpm_fifo_base_inst/gen_cdc_pntr.wr_pntr_cdc_inst/dest_graysync_ff_reg[0][0]/D
Related violations: <none>

TIMING-38#3 Warning
Bus skew constraint applied on multiple clocks  
Multiple clocks involved on source or destination of a bus skew constraint (see constraint position 39 in the Timing Constraint Window in Vivado IDE). It is recommended to have only one source clock and one destination clock per bus skew constraint. First endpoint covered by the constraint: design_1_i/axi_ethernetlite_0/U0/XEMAC_I/EMAC_I/RX/INST_RX_INTRFCE/I_RX_FIFO/xpm_fifo_instance.xpm_fifo_async_inst/gnuram_async_fifo.xpm_fifo_base_inst/gen_cdc_pntr.rd_pntr_cdc_inst/dest_graysync_ff_reg[0][0]/D
Related violations: <none>

TIMING-38#4 Warning
Bus skew constraint applied on multiple clocks  
Multiple clocks involved on source or destination of a bus skew constraint (see constraint position 41 in the Timing Constraint Window in Vivado IDE). It is recommended to have only one source clock and one destination clock per bus skew constraint. First endpoint covered by the constraint: design_1_i/axi_ethernetlite_0/U0/XEMAC_I/EMAC_I/TX/INST_TX_INTRFCE/I_TX_FIFO/xpm_fifo_instance.xpm_fifo_async_inst/gnuram_async_fifo.xpm_fifo_base_inst/gen_cdc_pntr.wr_pntr_cdc_inst/dest_graysync_ff_reg[0][0]/D
Related violations: <none>

XDCB-5#1 Warning
Runtime inefficient way to find pin objects  
The option '-through : [get_pins -hier -filter {NAME =~ */u_iodelay_ctrl/sys_rst}]' of constraint 'set_false_path' uses inefficient query to find pin objects (see constraint position '10' in the Timing Constraint window in Vivado IDE). To reduce runtime, it is recommended to get the pins through the cell objects. Please refer to Using Constraints Guide (Constraints Efficiency). An example of optimal query is: get_pins -filter {REF_PIN_NAME=~yy*} -of_objects [get_cells -hierarchical xx*].
Current XDC: e:/Development/zofija/sinus.srcs/sources_1/bd/design_1/ip/design_1_mig_7series_0_0/design_1_mig_7series_0_0/user_design/constraints/design_1_mig_7series_0_0.xdc (Line: 345)
Related violations: <none>

REQP-1959#1 Advisory
connects_SERDES_RST_driver_not_FF  
design_1_i/mig_7series_0/u_design_1_mig_7series_0_0_mig/u_memc_ui_top_axi/mem_intfc0/ddr_phy_top0/u_ddr_mc_phy_wrapper/u_ddr_mc_phy/ddr_phy_4lanes_0.u_ddr_phy_4lanes/ddr_byte_lane_C.ddr_byte_lane_C/ddr_byte_group_io/input_[1].iserdes_dq_.iserdesdq: The RST pin should only be driven by a Flip-flop.
Related violations: <none>

REQP-1959#2 Advisory
connects_SERDES_RST_driver_not_FF  
design_1_i/mig_7series_0/u_design_1_mig_7series_0_0_mig/u_memc_ui_top_axi/mem_intfc0/ddr_phy_top0/u_ddr_mc_phy_wrapper/u_ddr_mc_phy/ddr_phy_4lanes_0.u_ddr_phy_4lanes/ddr_byte_lane_C.ddr_byte_lane_C/ddr_byte_group_io/input_[2].iserdes_dq_.iserdesdq: The RST pin should only be driven by a Flip-flop.
Related violations: <none>

REQP-1959#3 Advisory
connects_SERDES_RST_driver_not_FF  
design_1_i/mig_7series_0/u_design_1_mig_7series_0_0_mig/u_memc_ui_top_axi/mem_intfc0/ddr_phy_top0/u_ddr_mc_phy_wrapper/u_ddr_mc_phy/ddr_phy_4lanes_0.u_ddr_phy_4lanes/ddr_byte_lane_C.ddr_byte_lane_C/ddr_byte_group_io/input_[3].iserdes_dq_.iserdesdq: The RST pin should only be driven by a Flip-flop.
Related violations: <none>

REQP-1959#4 Advisory
connects_SERDES_RST_driver_not_FF  
design_1_i/mig_7series_0/u_design_1_mig_7series_0_0_mig/u_memc_ui_top_axi/mem_intfc0/ddr_phy_top0/u_ddr_mc_phy_wrapper/u_ddr_mc_phy/ddr_phy_4lanes_0.u_ddr_phy_4lanes/ddr_byte_lane_C.ddr_byte_lane_C/ddr_byte_group_io/input_[4].iserdes_dq_.iserdesdq: The RST pin should only be driven by a Flip-flop.
Related violations: <none>

REQP-1959#5 Advisory
connects_SERDES_RST_driver_not_FF  
design_1_i/mig_7series_0/u_design_1_mig_7series_0_0_mig/u_memc_ui_top_axi/mem_intfc0/ddr_phy_top0/u_ddr_mc_phy_wrapper/u_ddr_mc_phy/ddr_phy_4lanes_0.u_ddr_phy_4lanes/ddr_byte_lane_C.ddr_byte_lane_C/ddr_byte_group_io/input_[5].iserdes_dq_.iserdesdq: The RST pin should only be driven by a Flip-flop.
Related violations: <none>

REQP-1959#6 Advisory
connects_SERDES_RST_driver_not_FF  
design_1_i/mig_7series_0/u_design_1_mig_7series_0_0_mig/u_memc_ui_top_axi/mem_intfc0/ddr_phy_top0/u_ddr_mc_phy_wrapper/u_ddr_mc_phy/ddr_phy_4lanes_0.u_ddr_phy_4lanes/ddr_byte_lane_C.ddr_byte_lane_C/ddr_byte_group_io/input_[6].iserdes_dq_.iserdesdq: The RST pin should only be driven by a Flip-flop.
Related violations: <none>

REQP-1959#7 Advisory
connects_SERDES_RST_driver_not_FF  
design_1_i/mig_7series_0/u_design_1_mig_7series_0_0_mig/u_memc_ui_top_axi/mem_intfc0/ddr_phy_top0/u_ddr_mc_phy_wrapper/u_ddr_mc_phy/ddr_phy_4lanes_0.u_ddr_phy_4lanes/ddr_byte_lane_C.ddr_byte_lane_C/ddr_byte_group_io/input_[7].iserdes_dq_.iserdesdq: The RST pin should only be driven by a Flip-flop.
Related violations: <none>

REQP-1959#8 Advisory
connects_SERDES_RST_driver_not_FF  
design_1_i/mig_7series_0/u_design_1_mig_7series_0_0_mig/u_memc_ui_top_axi/mem_intfc0/ddr_phy_top0/u_ddr_mc_phy_wrapper/u_ddr_mc_phy/ddr_phy_4lanes_0.u_ddr_phy_4lanes/ddr_byte_lane_C.ddr_byte_lane_C/ddr_byte_group_io/input_[8].iserdes_dq_.iserdesdq: The RST pin should only be driven by a Flip-flop.
Related violations: <none>

REQP-1959#9 Advisory
connects_SERDES_RST_driver_not_FF  
design_1_i/mig_7series_0/u_design_1_mig_7series_0_0_mig/u_memc_ui_top_axi/mem_intfc0/ddr_phy_top0/u_ddr_mc_phy_wrapper/u_ddr_mc_phy/ddr_phy_4lanes_0.u_ddr_phy_4lanes/ddr_byte_lane_D.ddr_byte_lane_D/ddr_byte_group_io/input_[1].iserdes_dq_.iserdesdq: The RST pin should only be driven by a Flip-flop.
Related violations: <none>

REQP-1959#10 Advisory
connects_SERDES_RST_driver_not_FF  
design_1_i/mig_7series_0/u_design_1_mig_7series_0_0_mig/u_memc_ui_top_axi/mem_intfc0/ddr_phy_top0/u_ddr_mc_phy_wrapper/u_ddr_mc_phy/ddr_phy_4lanes_0.u_ddr_phy_4lanes/ddr_byte_lane_D.ddr_byte_lane_D/ddr_byte_group_io/input_[2].iserdes_dq_.iserdesdq: The RST pin should only be driven by a Flip-flop.
Related violations: <none>

REQP-1959#11 Advisory
connects_SERDES_RST_driver_not_FF  
design_1_i/mig_7series_0/u_design_1_mig_7series_0_0_mig/u_memc_ui_top_axi/mem_intfc0/ddr_phy_top0/u_ddr_mc_phy_wrapper/u_ddr_mc_phy/ddr_phy_4lanes_0.u_ddr_phy_4lanes/ddr_byte_lane_D.ddr_byte_lane_D/ddr_byte_group_io/input_[3].iserdes_dq_.iserdesdq: The RST pin should only be driven by a Flip-flop.
Related violations: <none>

REQP-1959#12 Advisory
connects_SERDES_RST_driver_not_FF  
design_1_i/mig_7series_0/u_design_1_mig_7series_0_0_mig/u_memc_ui_top_axi/mem_intfc0/ddr_phy_top0/u_ddr_mc_phy_wrapper/u_ddr_mc_phy/ddr_phy_4lanes_0.u_ddr_phy_4lanes/ddr_byte_lane_D.ddr_byte_lane_D/ddr_byte_group_io/input_[4].iserdes_dq_.iserdesdq: The RST pin should only be driven by a Flip-flop.
Related violations: <none>

REQP-1959#13 Advisory
connects_SERDES_RST_driver_not_FF  
design_1_i/mig_7series_0/u_design_1_mig_7series_0_0_mig/u_memc_ui_top_axi/mem_intfc0/ddr_phy_top0/u_ddr_mc_phy_wrapper/u_ddr_mc_phy/ddr_phy_4lanes_0.u_ddr_phy_4lanes/ddr_byte_lane_D.ddr_byte_lane_D/ddr_byte_group_io/input_[5].iserdes_dq_.iserdesdq: The RST pin should only be driven by a Flip-flop.
Related violations: <none>

REQP-1959#14 Advisory
connects_SERDES_RST_driver_not_FF  
design_1_i/mig_7series_0/u_design_1_mig_7series_0_0_mig/u_memc_ui_top_axi/mem_intfc0/ddr_phy_top0/u_ddr_mc_phy_wrapper/u_ddr_mc_phy/ddr_phy_4lanes_0.u_ddr_phy_4lanes/ddr_byte_lane_D.ddr_byte_lane_D/ddr_byte_group_io/input_[6].iserdes_dq_.iserdesdq: The RST pin should only be driven by a Flip-flop.
Related violations: <none>

REQP-1959#15 Advisory
connects_SERDES_RST_driver_not_FF  
design_1_i/mig_7series_0/u_design_1_mig_7series_0_0_mig/u_memc_ui_top_axi/mem_intfc0/ddr_phy_top0/u_ddr_mc_phy_wrapper/u_ddr_mc_phy/ddr_phy_4lanes_0.u_ddr_phy_4lanes/ddr_byte_lane_D.ddr_byte_lane_D/ddr_byte_group_io/input_[7].iserdes_dq_.iserdesdq: The RST pin should only be driven by a Flip-flop.
Related violations: <none>

REQP-1959#16 Advisory
connects_SERDES_RST_driver_not_FF  
design_1_i/mig_7series_0/u_design_1_mig_7series_0_0_mig/u_memc_ui_top_axi/mem_intfc0/ddr_phy_top0/u_ddr_mc_phy_wrapper/u_ddr_mc_phy/ddr_phy_4lanes_0.u_ddr_phy_4lanes/ddr_byte_lane_D.ddr_byte_lane_D/ddr_byte_group_io/input_[8].iserdes_dq_.iserdesdq: The RST pin should only be driven by a Flip-flop.
Related violations: <none>


